// Jest Snapshot v1, https://goo.gl/fbAQLP

exports[`ModelReport renders 1`] = `<div />`;
