// Jest Snapshot v1, https://goo.gl/fbAQLP

exports[`Search renders 1`] = `
<div
  id="search"
>
  <div
    className="control"
  >
    <div
      className="query"
    >
      <div
        className="table-select"
      >
        <span
          className="label"
        >
          Search table
        </span>
        <select
          defaultValue=""
          name="model"
          onChange={[Function]}
        >
          <option
            disabled={false}
            value=""
          >
             --- 
          </option>
          <option
            value={0}
          >
            labor
          </option>
          <option
            value={1}
          >
            monster
          </option>
          <option
            value={2}
          >
            project
          </option>
        </select>
      </div>
      <div
        className="page-select"
      >
        <span
          className="label"
        >
          Page size
        </span>
        <select
          defaultValue={0}
          onChange={[Function]}
        >
          <option
            disabled={true}
            value=""
          >
             --- 
          </option>
          <option
            value={0}
          >
            10
          </option>
          <option
            value={1}
          >
            25
          </option>
          <option
            value={2}
          >
            50
          </option>
          <option
            value={3}
          >
            200
          </option>
        </select>
      </div>
      <div
        className="query-options"
      />
      <input
        className="button disabled"
        disabled={true}
        id="search-pg-search-btn"
        onClick={[Function]}
        type="button"
        value="Search"
      />
      <input
        className="button disabled"
        disabled={true}
        id="search-pg-tsv-btn"
        onClick={[Function]}
        type="button"
        value="â†¯ TSV"
      />
    </div>
  </div>
  <div
    className="body"
  >
    <div
      className="table"
    />
  </div>
</div>
`;
