// Jest Snapshot v1, https://goo.gl/fbAQLP

exports[`ViewItem renders with a regex that matches the record_name 1`] = `
<DocumentFragment>
  <div
    class="view_item"
  >
    <div
      class="item_name"
    >
      attribute1
    </div>
    <div
      class="item_view"
    >
      <div
        class="item"
      >
        <div
          class="markdown"
        >
          <p>
            This is a test
          </p>
          

        </div>
      </div>
    </div>
  </div>
</DocumentFragment>
`;

exports[`ViewItem renders without a regex 1`] = `
<DocumentFragment>
  <div
    class="view_item"
  >
    <div
      class="item_name"
    >
      attribute1
    </div>
    <div
      class="item_view"
    >
      <div
        class="item"
      >
        <div
          class="markdown"
        >
          <p>
            This is a test
          </p>
          

        </div>
      </div>
    </div>
  </div>
</DocumentFragment>
`;
